2025-10-10 18:27:49,454 - app - INFO - User logged in: toto
2025-10-11 22:26:02,553 - app - INFO - Login attempt for user: toto
2025-10-11 22:26:02,801 - app - INFO - User logged in: toto
2025-10-13 16:30:43,415 - app - INFO - Create VM request data: {'OS': 'Ubuntu-20', 'Vcpu': '2', 'Memory': '2', 'Disk': '10', 'ssh_key': 'ssh-rsa AAAA', 'name': 'myvm', 'Network': 'default', 'description': 'testeeer'}
2025-10-13 16:40:51,474 - app - INFO - Received data for start shell: {'vm_id': '68ed0d6ec3821e31a0393f15'}
2025-10-13 16:40:53,492 - app - ERROR - SSH Command Error for start shell: None
2025-10-13 16:41:49,665 - app - INFO - Received data for destroy vm: {'vm_id': '68ed0d6ec3821e31a0393f15'}
2025-10-13 17:02:41,319 - app - INFO - Login attempt for user: toto
2025-10-13 17:02:41,528 - app - INFO - User logged in: toto
2025-10-13 17:03:21,062 - app - INFO - Create VM request data: {'OS': 'Ubuntu-20', 'Vcpu': '2', 'Memory': '2', 'Disk': '10', 'ssh_key': 'ssh-rsa AAAA', 'name': 'vroum', 'Network': 'default', 'description': 'tester encore'}
2025-10-13 17:11:27,760 - app - INFO - Received data for start shell: {'vm_id': '68ed1510c3821e31a0393f17'}
2025-10-13 17:16:14,891 - app - INFO - Received data for destroy vm: {'vm_id': '68ed1510c3821e31a0393f17'}
2025-10-15 10:38:26,104 - app - INFO - Login attempt for user: toto
2025-10-15 10:38:26,132 - app - INFO - User logged in: toto
2025-10-15 10:38:46,265 - app - INFO - Create VM request data: {'OS': 'Ubuntu-20', 'Vcpu': '1', 'Memory': '1', 'Disk': '10', 'ssh_key': 'ssh-rsa AAAA', 'name': 'myvm', 'Network': 'default', 'description': 'test'}
2025-10-15 10:43:03,530 - app - INFO - Received data for start shell: {'vm_id': '68ef5dd8df07b02d7c0c6e87'}
2025-10-15 10:48:17,158 - app - INFO - Received data for destroy vm: {'vm_id': '68ef5dd8df07b02d7c0c6e87'}
2025-10-15 16:44:18,728 - app - INFO - Login attempt for user: toto
2025-10-15 16:44:18,943 - app - INFO - User logged in: toto
2025-10-15 16:51:06,874 - app - INFO - Login attempt for user: toto
2025-10-15 16:51:06,899 - app - INFO - User logged in: toto
2025-10-15 17:00:10,476 - app - INFO - Login attempt for user: toto
2025-10-15 17:00:10,494 - app - INFO - User logged in: toto
2025-10-15 17:00:41,387 - app - INFO - Login attempt for user: toto
2025-10-15 17:00:41,411 - app - INFO - User logged in: toto
2025-10-15 17:05:58,411 - app - INFO - Login attempt for user: toto
2025-10-15 17:05:58,435 - app - INFO - User logged in: toto
2025-10-15 17:16:26,287 - app - INFO - Login attempt for user: toto
2025-10-15 17:16:26,310 - app - INFO - User logged in: toto
2025-10-15 17:20:10,998 - app - INFO - Login attempt for user: toto
2025-10-15 17:20:11,018 - app - INFO - User logged in: toto
2025-10-15 17:45:04,478 - app - INFO - Login attempt for user: toto
2025-10-15 17:45:04,504 - app - INFO - User logged in: toto
2025-10-16 14:21:19,727 - app - INFO - Login attempt for user: toto
2025-10-16 14:21:19,914 - app - INFO - User logged in: toto
2025-10-17 13:41:42,323 - app - INFO - Login attempt for user: toto
2025-10-17 13:41:42,346 - app - INFO - User logged in: toto
2025-10-17 13:47:25,612 - app - INFO - Login attempt for user: toto
2025-10-17 13:47:25,639 - app - INFO - User logged in: toto
2025-10-17 13:47:46,187 - app - INFO - Login attempt for user: toto
2025-10-17 13:47:46,208 - app - INFO - User logged in: toto
2025-10-17 14:47:11,698 - app - INFO - Create VM request data: {'OS': 'Ubuntu-20', 'Vcpu': '1', 'Memory': '1', 'Disk': '10', 'ssh_key': 'ssh-rsa AAAA', 'name': 'vm1', 'Network': 'default', 'description': 'first vm'}
2025-10-17 14:48:37,087 - app - INFO - Create VM request data: {'OS': 'Ubuntu-20', 'Vcpu': '1', 'Memory': '1', 'Disk': '10', 'ssh_key': 'ssh-rsa AAAA', 'name': 'vm2', 'Network': 'default', 'description': 'deuxieme vm'}
2025-10-17 14:48:55,254 - app - ERROR - Application error ; serveur respond with 500 error : Terraform apply a échoué : None
2025-10-17 15:03:58,437 - app - INFO - Login attempt for user: toto
2025-10-17 15:03:58,462 - app - INFO - User logged in: toto
2025-10-17 15:05:39,344 - app - INFO - Create VM request data: {'OS': 'Ubuntu-20', 'Vcpu': '1', 'Memory': '1', 'Disk': '10', 'ssh_key': 'ssh-rsa AAAA', 'name': 'vm1', 'Network': 'default', 'description': 'test vm1'}
2025-10-17 15:09:24,905 - app - INFO - Create VM request data: {'OS': 'Ubuntu-20', 'Vcpu': '1', 'Memory': '1', 'Disk': '10', 'ssh_key': 'ssh-rsa AAAA', 'name': 'vm2', 'Network': 'default', 'description': 'test deuxieme vm'}
2025-10-17 15:09:42,213 - app - ERROR - Application error ; serveur respond with 500 error : Terraform apply a échoué pour l'infrastructure /home/cross/Bureau/projet/Infra_house/tf/stacks/toto/infra2 
2025-10-17 15:11:41,991 - app - INFO - Received data for destroy vm: {'vm_id': '68f23f59df07b02d7c0c7005'}
2025-10-17 15:15:38,544 - app - INFO - Create VM request data: {'OS': 'Ubuntu-20', 'Vcpu': '1', 'Memory': '1', 'Disk': '10', 'ssh_key': 'ssh-rsa AAAA', 'name': 'vm1', 'Network': 'default', 'description': 'first vm'}
2025-10-17 15:17:59,480 - app - INFO - Create VM request data: {'OS': 'Ubuntu-20', 'Vcpu': '1', 'Memory': '1', 'Disk': '10', 'ssh_key': 'ssh-rsa AAAA', 'name': 'vm2', 'Network': 'default', 'description': 'test deuxieme vm'}
